
> study@0.1.0 build
> next build

node.exe :  ΓÜá 
Warning: Next.js 
inferred your 
workspace root, but 
it may not be correct.
At C:\Program Files\no
dejs\npm.ps1:29 char:3
+   & $NODE_EXE 
$NPM_CLI_JS $args
+   ~~~~~~~~~~~~~~~~~~
~~~~~~~~~~~
    + CategoryInfo    
          : 
NotSpecified    : ( 
ΓÜá Warning: N.    
..not be correct.:S   
 tring) [], RemoteEx  
  ception
    + 
FullyQualifiedErr    
orId : NativeComman   
 dError
 
 We detected multiple 
lockfiles and 
selected the 
directory of C:\Users\
juanp\package-lock.jso
n as the root 
directory.
 To silence this 
warning, set 
`turbopack.root` in 
your Next.js config, 
or consider removing 
one of the lockfiles 
if it's not needed.
   See https://nextjs.
org/docs/app/api-refer
ence/config/next-confi
g-js/turbopack#root-di
rectory for more 
information.
 Detected additional 
lockfiles: 
   * C:\Users\juanp\On
eDrive\Documentos\stud
y\package-lock.json

   Γû▓ Next.js 16.0.8 (Turbopack)

   Creating an optimized production build ...
 Γ£ô Compiled successfully in 1935.7ms
   Running TypeScript ...
   Collecting page data using 19 workers ...
Warning: Cannot load 
"@napi-rs/canvas" 
package: "Error: 
Cannot find module 
'@napi-rs/canvas'
Require stack:
- C:\ROOT\OneDrive\Doc
umentos\study\node_mod
ules\pdf-parse\dist\pd
f-parse\cjs\index.cjs"
.
Warning: Cannot 
polyfill `DOMMatrix`, 
rendering may be 
broken.
Warning: Cannot 
polyfill `ImageData`, 
rendering may be 
broken.
Warning: Cannot 
polyfill `Path2D`, 
rendering may be 
broken.
ReferenceError: 
DOMMatrix is not 
defined
    at module 
evaluation (C:\Users\j
uanp\OneDrive\Document
os\study\.next\server\
chunks\[root-of-the-se
rver]__bfc42128._.js:2
:117900)
    at 
instantiateModule (C:\
Users\juanp\OneDrive\D
ocumentos\study\.next\
server\chunks\[turbopa
ck]_runtime.js:715:9)
    at getOrInstantiat
eModuleFromParent (C:\
Users\juanp\OneDrive\D
ocumentos\study\.next\
server\chunks\[turbopa
ck]_runtime.js:738:12)
    at Context.commonJ
sRequire [as r] (C:\Us
ers\juanp\OneDrive\Doc
umentos\study\.next\se
rver\chunks\[turbopack
]_runtime.js:249:12)
    at module 
evaluation (C:\Users\j
uanp\OneDrive\Document
os\study\.next\server\
chunks\[root-of-the-se
rver]__bfc42128._.js:7
:8273)
    at 
instantiateModule (C:\
Users\juanp\OneDrive\D
ocumentos\study\.next\
server\chunks\[turbopa
ck]_runtime.js:715:9)
    at instantiateRunt
imeModule (C:\Users\ju
anp\OneDrive\Documento
s\study\.next\server\c
hunks\[turbopack]_runt
ime.js:743:12)
    at getOrInstantiat
eRuntimeModule (C:\Use
rs\juanp\OneDrive\Docu
mentos\study\.next\ser
ver\chunks\[turbopack]
_runtime.js:756:12)
    at Object.m (C:\Us
ers\juanp\OneDrive\Doc
umentos\study\.next\se
rver\chunks\[turbopack
]_runtime.js:765:18)
    at 
Object.<anonymous> (C:
\Users\juanp\OneDrive\
Documentos\study\.next
\server\app\api\docume
nts\extract\route.js:6
:3)

> Build error occurred
Error: Failed to 
collect page data for 
/api/documents/extract
    at ignore-listed 
frames {
  type: 'Error'
}
